// -+-+-+-+-+--+-+-+-+-+--+-+-+-+-+--+-+-+-+-+--+-+-+-+-+--+-+-+-+-+--+-+-+-+-+-
// -+-+-+-+-+--+-+-+-+-+--+-+-+-+-+--+-+-+-+-+--+-+-+-+-+--+-+-+-+-+--+-+-+-+-+-
//
// Geometry file for FOOT Calorimeter
//

// -+-+-+-+-+--+-+-+-+-+--+-+-+-+-+--+-+-+-+-+--+-+-+-+-+--+-+-+-+-+--+-+-+-+-+-
// Parameters of the Crystal  (truncated) (cm)
// -+-+-+-+-+--+-+-+-+-+--+-+-+-+-+--+-+-+-+-+--+-+-+-+-+--+-+-+-+-+--+-+-+-+-+-
Material:      "BGO"
Density:       7.13
Dim1:          1.0     Dim2:      1.45      Length:     12.0
Delta:         0.1

// -+-+-+-+-+--+-+-+-+-+--+-+-+-+-+--+-+-+-+-+--+-+-+-+-+--+-+-+-+-+--+-+-+-+-+-
// Parameters of the support
// -+-+-+-+-+--+-+-+-+-+--+-+-+-+-+--+-+-+-+-+--+-+-+-+-+--+-+-+-+-+--+-+-+-+-+-
SupMaterial:   "Al"
SupDensity:     2.6989
SupDim1:        3.875     SupDim2:      4.55      SupLength:     5.9

// -+-+-+-+-+--+-+-+-+-+--+-+-+-+-+--+-+-+-+-+--+-+-+-+-+--+-+-+-+-+--+-+-+-+-+-
// Parameter of the Calorimeter (cm)
// -+-+-+-+-+--+-+-+-+-+--+-+-+-+-+--+-+-+-+-+--+-+-+-+-+--+-+-+-+-+--+-+-+-+-+-
Width:          44.0     Height:      44.0      Thick:     24.0

ModulesN:       32
// -+-+-+-+-+--+-+-+-+-+--+-+-+-+-+--+-+-+-+-+--+-+-+-+-+--+-+-+-+-+--+-+-+-+-+-
// Parameter of the modules used in the run
// -+-+-+-+-+--+-+-+-+-+--+-+-+-+-+--+-+-+-+-+--+-+-+-+-+--+-+-+-+-+--+-+-+-+-+-
ModuleId:     0
PositionX:   -3.9   PositionY:    -3.9   PositionZ:    -0.2
TiltX:        3.2   TiltY:        -3.2   TiltZ:         0.0
ModuleId:     1
PositionX:   -3.9   PositionY:     3.9   PositionZ:    -0.2
TiltX:       -3.2   TiltY:        -3.2   TiltZ:         0.0
ModuleId:     2
PositionX:    3.9   PositionY:    -3.9   PositionZ:    -0.2
TiltX:        3.2   TiltY:         3.2   TiltZ:         0.0
ModuleId:     3
PositionX:    3.9   PositionY:     3.9   PositionZ:    -0.2
TiltX:       -3.2   TiltY:         3.2   TiltZ:         0.0
ModuleId:     4
PositionX:  -11.7   PositionY:    -3.9   PositionZ:    -0.2
TiltX:        3.3   TiltY:        -9.7   TiltZ:        -0.3
ModuleId:     5
PositionX:  -11.7   PositionY:     3.9   PositionZ:    -0.2
TiltX:       -3.3   TiltY:        -9.7   TiltZ:         0.3
ModuleId:     6
PositionX:   11.7   PositionY:    -3.9   PositionZ:    -0.2
TiltX:        3.3   TiltY:         9.7   TiltZ:         0.3
ModuleId:     7
PositionX:   11.7   PositionY:     3.9   PositionZ:    -0.2
TiltX:       -3.3   TiltY:         9.7   TiltZ:        -0.3
ModuleId:     8
PositionX:   -3.9   PositionY:   -11.7   PositionZ:    -0.2
TiltX:        9.7   TiltY:        -3.2   TiltZ:        -0.4
ModuleId:     9
PositionX:   -3.9   PositionY:    11.7   PositionZ:    -0.2
TiltX:       -9.7   TiltY:        -3.2   TiltZ:         0.4
ModuleId:     10
PositionX:    3.9   PositionY:   -11.7   PositionZ:    -0.2
TiltX:        9.7   TiltY:         3.2   TiltZ:         0.4
ModuleId:     11
PositionX:    3.9   PositionY:    11.7   PositionZ:    -0.2
TiltX:       -9.7   TiltY:         3.2   TiltZ:        -0.4
ModuleId:     12
PositionX:  -11.7   PositionY:   -11.7   PositionZ:    -0.1
TiltX:        9.8   TiltY:        -9.5   TiltZ:        -0.7
ModuleId:     13
PositionX:  -11.7   PositionY:    11.7   PositionZ:    -0.1
TiltX:       -9.8   TiltY:        -9.5   TiltZ:         0.7
ModuleId:     14
PositionX:   11.7   PositionY:   -11.7   PositionZ:    -0.1
TiltX:        9.8   TiltY:         9.5   TiltZ:         0.7
ModuleId:     15
PositionX:   11.7   PositionY:    11.7   PositionZ:    -0.1
TiltX:       -9.8   TiltY:         9.5   TiltZ:        -0.7
ModuleId:     16
PositionX:  -19.7   PositionY:    -3.9   PositionZ:    -0.5
TiltX:        3.2   TiltY:       -16.1   TiltZ:         0.0
ModuleId:     17
PositionX:  -19.7   PositionY:     3.9   PositionZ:    -0.5
TiltX:       -3.2   TiltY:       -16.1   TiltZ:         0.0
ModuleId:     18
PositionX:   19.7   PositionY:    -3.9   PositionZ:    -0.5
TiltX:        3.2   TiltY:        16.1   TiltZ:         0.0
ModuleId:     19
PositionX:   19.7   PositionY:     3.9   PositionZ:    -0.5
TiltX:       -3.2   TiltY:        16.1   TiltZ:         0.0
ModuleId:     20
PositionX:   -3.8   PositionY:   -19.7   PositionZ:    -0.5
TiltX:       16.1   TiltY:        -3.0   TiltZ:        -0.7
ModuleId:     21
PositionX:   -3.8   PositionY:    19.7   PositionZ:    -0.5
TiltX:      -16.1   TiltY:        -3.0   TiltZ:         0.7
ModuleId:     22
PositionX:    3.8   PositionY:   -19.7   PositionZ:    -0.5
TiltX:       16.1   TiltY:         3.0   TiltZ:         0.7
ModuleId:     23
PositionX:    3.8   PositionY:    19.7   PositionZ:    -0.5
TiltX:      -16.1   TiltY:         3.0   TiltZ:        -0.7
ModuleId:     24
PositionX:  -19.7   PositionY:   -11.7   PositionZ:    -0.5
TiltX:       10.0   TiltY:       -15.9   TiltZ:        -1.2
ModuleId:     25
PositionX:  -19.7   PositionY:    11.7   PositionZ:    -0.5
TiltX:      -10.0   TiltY:       -15.9   TiltZ:         1.2
ModuleId:     26
PositionX:   19.7   PositionY:   -11.7   PositionZ:    -0.5
TiltX:       10.0   TiltY:        15.9   TiltZ:         1.2
ModuleId:     27
PositionX:   19.7   PositionY:    11.7   PositionZ:    -0.5
TiltX:      -10.0   TiltY:        15.9   TiltZ:        -1.2
ModuleId:     28
PositionX:  -11.7   PositionY:   -19.7   PositionZ:    -0.5
TiltX:       16.3   TiltY:        -9.3   TiltZ:        -1.1
ModuleId:     29
PositionX:  -11.7   PositionY:    19.7   PositionZ:    -0.5
TiltX:      -16.3   TiltY:        -9.3   TiltZ:         1.1
ModuleId:     30
PositionX:   11.7   PositionY:   -19.7   PositionZ:    -0.5
TiltX:       16.3   TiltY:         9.3   TiltZ:         1.1
ModuleId:     31
PositionX:   11.7   PositionY:    19.7   PositionZ:    -0.5
TiltX:      -16.3   TiltY:         9.3   TiltZ:        -1.1
// -+-+-+-+-+--+-+-+-+-+--+-+-+-+-+--+-+-+-+-+--+-+-+-+-+--+-+-+-+-+--+-+-+-+-+-
// End of geometry File
// -+-+-+-+-+--+-+-+-+-+--+-+-+-+-+--+-+-+-+-+--+-+-+-+-+--+-+-+-+-+--+-+-+-+-+-
