!WD channel map
B27
0	y	ST
1	y	ST
2	y	ST
3	y	ST
4	y	ST
5	y	ST
6	y	ST
7	y	ST
8	n EMPTY
9	n EMPTY
10	n EMPTY
11	n EMPTY
12	n	EMPTY
13	n	EMPTY
14	n	EMPTY
15	n	EMPTY
16	y	CLK
17	y	CLK
B165
0	y	TW
1	y	TW
2	y	TW
3	y	TW
4	y	TW
5	y	TW
6	y	TW
7	y	TW
8	y	TW
9	y	TW
10	y	TW
11	y	TW
12	y	TW
13	y	TW
14	y	TW
15	y	TW
16	y	CLK
17	y	CLK
B166
0	y	TW
1	y	TW
2	y	TW
3	y	TW
4	y	TW
5	y	TW
6	n	TW
7	n	TW
8	n	TW
9	n	TW
10	y	TW
11	y	TW
12	n	EMPTY
13	n	EMPTY
14	n	EMPTY
15	n	EMPTY
16	y	CLK
17	y	CLK
B170
0	y	TW
1	y	TW
2	y	TW
3	y	TW
4	y	TW
5	y	TW
6	y	TW
7	y	TW
8	y	TW
9	y	TW
10	y	TW
11	y	TW
12	y	TW
13	y	TW
14	y	TW
15	y	TW
16	y	CLK
17	y	CLK
B167
0	y	TW
1	y	TW
2	y	TW
3	y	TW
4	y	TW
5	y	TW
6	y	TW
7	y	TW
8	y	TW
9	y	TW
10	y	TW
11	y	TW
12	y	TW
13	y	TW
14	y	TW
15	y	TW
16	y	CLK
17	y	CLK
B168
0	y	TW
1	y	TW
2	y	TW
3	y	TW
4	y	TW
5	y	TW
6	n	TW
7	n	TW
8	n	TW
9	n	TW
10	n	TW
11	n	TW
12	n	TW
13	n	TW
14	n	TW
15	n	TW
16	y	CLK
17	y	CLK
B158
0	y	TW
1	y	TW
2	y	TW
3	y	TW
4	n	EMPTY
5	n	EMPTY
6	n	EMPTY
7	n	EMPTY
8	n	EMPTY
9	n	EMPTY
10	n	EMPTY
11	n	EMPTY
12	n	EMPTY
13	n	EMPTY
14	n	EMPTY
15	n	EMPTY
16	y	CLK
17	y	CLK
B164
0	y	CALO
1	y	CALO
2	y	CALO
3	y	CALO
4	y	CALO
5	y	CALO
6	y	CALO
7	y	CALO
8	y	CALO
9	y	CALO
10	y	CALO
11	y	CALO
12	y	CALO
13	y	CALO
14	y	CALO
15	y	CALO
16	y	CLK
17	y	CLK
B163
0	y	CALO
1	y	CALO
2	y	EMPTY
3	y	EMPTY
4	y	EMPTY
5	y	EMPTY
6	y	EMPTY
7	y	EMPTY
8	y	EMPTY
9	y	EMPTY
10	y	EMPTY
11	y	CALO
12	y	CALO
13	y	CALO
14	y	CALO
15	y	CALO
16	y	CLK
17	y	CLK
B159
0	y	CALO
1	y	CALO
2	y	CALO
3	y	CALO
4	y	CALO
5	y	CALO
6	y	CALO
7	y	CALO
8	y	CALO
9	y	CALO
10	y	CALO
11	y	CALO
12	y	CALO
13	y	CALO
14	y	CALO
15	y	CALO
16	y	CLK
17	y	CLK
B174
0	y	CALO
1	y	CALO
2	y	CALO
3	y	CALO
4	y	CALO
5	y	CALO
6	y	CALO
7	y	CALO
8	y	CALO
9	y	CALO
10	y	CALO
11	y	CALO
12	y	CALO
13	y	CALO
14	y	CALO
15	y	CALO
16	y	CLK
17	y	CLK
B169
0	y	CALO
1	y	CALO
2	y	CALO
3	y	CALO
4	y	CALO
5	y	CALO
6	y	CALO
7	y	CALO
8	y	EMPTY
9	y	EMPTY
10	y	EMPTY
11	y	EMPTY
12	y	EMPTY
13	y	EMPTY
14	y	EMPTY
15	y	EMPTY
16	y	CLK
17	y	CLK
B100
0	y	EMPTY
1	y	CALO
2	y	CALO
3	y	CALO
4	y	CALO
5	y	CALO
6	y	CALO
7	y	CALO
8	y	CALO
9	y	CALO
10	y	CALO
11	y	CALO
12	y	CALO
13	y	CALO
14	y	CALO
15	y	CALO
16	y	CLK
17	y	CLK
B122
0	y	CALO
1	y	CALO
2	y	CALO
3	y	CALO
4	y	CALO
5	y	CALO
6	y	CALO
7	y	CALO
8	y	CALO
9	y	CALO
10	y	CALO
11	y	CALO
12	y	CALO
13	y	CALO
14	y	CALO
15	y	CALO
16	y	CLK
17	y	CLK
B115
0	y	CALO
1	y	CALO
2	y	CALO
3	y	CALO
4	y	CALO
5	y	CALO
6	y	CALO
7	y	CALO
8	y	CALO
9	y	CALO
10	y	CALO
11	y	CALO
12	y	CALO
13	y	CALO
14	y	CALO
15	y	CALO
16	y	CLK
17	y	CLK
B103
0	y	CALO
1	y	CALO
2	y	CALO
3	y	CALO
4	y	CALO
5	y	CALO
6	y	CALO
7	y	EMPTY
8	y	EMPTY
9	y	EMPTY
10	y	EMPTY
11	y	EMPTY
12	y	EMPTY
13	y	EMPTY
14	y	EMPTY
15	y	EMPTY
16	y	CLK
17	y	CLK
B104
0	y	CALO
1	y	CALO
2	y	CALO
3	y	CALO
4	y	CALO
5	y	CALO
6	y	CALO
7	y	CALO
8	y	CALO
9	y	CALO
10	y	CALO
11	y	CALO
12	y	CALO
13	y	CALO
14	y	CALO
15	y	CALO
16	y	CLK
17	y	CLK
B105
0	y	CALO
1	y	CALO
2	y	CALO
3	y	CALO
4	y	CALO
5	y	CALO
6	y	CALO
7	y	CALO
8	y	CALO
9	y	CALO
10	y	CALO
11	y	CALO
12	y	CALO
13	y	CALO
14	y	CALO
15	y	CALO
16	y	CLK
17	y	CLK
B106
0	y	CALO
1	y	CALO
2	y	CALO
3	y	CALO
4	y	CALO
5	y	CALO
6	y	CALO
7	y	CALO
8	y	CALO
9	y	CALO
10	y	CALO
11	y	CALO
12	y	CALO
13	y	CALO
14	y	CALO
15	y	CALO
16	y	CLK
17	y	CLK
B107
0	y	CALO
1	y	CALO
2	y	CALO
3	y	CALO
4	y	CALO
5	y	CALO
6	y	EMPTY
7	y	EMPTY
8	y	EMPTY
9	y	EMPTY
10	y	EMPTY
11	y	EMPTY
12	y	EMPTY
13	y	EMPTY
14	y	EMPTY
15	y	CALO
16	y	CLK
17	y	CLK
B108
0	y	CALO
1	y	CALO
2	y	CALO
3	y	CALO
4	y	CALO
5	y	CALO
6	y	CALO
7	y	CALO
8	y	CALO
9	y	CALO
10	y	CALO
11	y	CALO
12	y	CALO
13	y	CALO
14	y	CALO
15	y	CALO
16	y	CLK
17	y	CLK
B109
0	y	CALO
1	y	CALO
2	y	CALO
3	y	CALO
4	y	CALO
5	y	CALO
6	y	CALO
7	y	CALO
8	y	CALO
9	y	CALO
10	y	CALO
11	y	CALO
12	y	CALO
13	y	CALO
14	y	CALO
15	y	CALO
16	y	CLK
17	y	CLK
B110
0	y	CALO
1	y	CALO
2	y	CALO
3	y	CALO
4	y	CALO
5	y	CALO
6	y	CALO
7	y	CALO
8	y	CALO
9	y	CALO
10	y	CALO
11	y	CALO
12	y	CALO
13	y	CALO
14	y	CALO
15	y	CALO
16	y	CLK
17	y	CLK
B111
0	y	CALO
1	y	CALO
2	y	CALO
3	y	CALO
4	y	CALO
5	y	CALO
6	y	CALO
7	y	CALO
8	y	CALO
9	y	CALO
10	y	CALO
11	y	CALO
12	y	CALO
13	y	CALO
14	y	CALO
15	y	CALO
16	y	CLK
17	y	CLK
B112
0	y	CALO
1	y	CALO
2	y	CALO
3	y	CALO
4	y	CALO
5	y	CALO
6	y	CALO
7	y	CALO
8	y	CALO
9	y	CALO
10	y	CALO
11	y	CALO
12	y	CALO
13	y	CALO
14	y	CALO
15	y	CALO
16	y	CLK
17	y	CLK
B113
0	y	CALO
1	y	CALO
2	y	CALO
3	y	CALO
4	y	CALO
5	y	CALO
6	y	CALO
7	y	CALO
8	y	CALO
9	y	CALO
10	y	CALO
11	y	CALO
12	y	CALO
13	y	CALO
14	y	CALO
15	y	CALO
16	y	CLK
17	y	CLK
B114
0	y	CALO
1	y	CALO
2	y	CALO
3	y	CALO
4	y	CALO
5	y	CALO
6	y	CALO
7	y	CALO
8	y	CALO
9	y	CALO
10	y	CALO
11	y	EMPTY
12	y	EMPTY
13	y	EMPTY
14	y	EMPTY
15	y	EMPTY
16	y	CLK
17	y	CLK